. 2/.
./dir11 1/.
./dir11/file10.txt e3b0c44298fc1c149afbf4c8996fb92427ae41e4649b934ca495991b7852b855
./log.txt 53f023e7d1ef110620bdd4b77698edfaf04576fa500b4114b1beee19d250573f
8 (19) 			 "."
Remove file "./file19.txt"

3 (18) 			 "."
Open existing file with options: truncate=false,write=true,append=true,create=false -> Err

2 (17) 			 "."
No opened files to write...

3 (17) 			 "."
Open existing file with options: truncate=false,write=true,append=false,create=false -> Err

1 (16) 			 "."
No opened files to close...

11 (16) 			 "."
Store folder contents to "./file16_dir_contents.txt"

8 (15) 			 "."
Remove file "./file16_dir_contents.txt"

8 (14) 			 "."
Remove file "./file14.txt"

13 (13) 			 "."
Cannot exit, min depth reached!

3 (12) 			 "."
Open existing file with options: truncate=false,write=false,append=true,create=false -> Err

15 (11) 			 "."
Move file "./file11.txt" to "./dir11/file11.txt"

1 (10) 			 "."
No opened files to close...

0 (10) 			 "."
Open or create file "./file10.txt"

0 (9) 			 "."
Open or create file "./file9.txt"

15 (8) 			 "."
Move file "./file10.txt" to "./dir11/file10.txt"

1 (7) 			 "."

5 (6) 			 "."
Truncate "./file9.txt"

6 (5) 			 "."
Rename file from "./file9.txt" to "./file5_renamed.txt"

8 (4) 			 "."
Remove file "./file5_renamed.txt"

6 (3) 			 "."
Rename file from "./file3.txt" to "./file3_renamed.txt"

13 (2) 			 "."
Cannot exit, min depth reached!

15 (1) 			 "."
Move file "./file1.txt" to "./dir11/file1.txt"

15 (0) 			 "."
Move file "./file0.txt" to "./dir11/file0.txt"